// Vitest Snapshot v1, https://vitest.dev/guide/snapshot.html

exports[`testing GuessAge component props 1`] = `"Default template - header"`;
